C:/mic_practice/mcsdk_reference/AIR56B2_025KW_220V_DELTA_NAMEPLATE_VF_NOT_FOR_HV/MCSDK_v6.4.2-Full/MotorControl/MCSDK/MCLibACIM/Any/Src/acim_lso_foc.c:44:6:ACIM_LSO_Init	0	static
C:/mic_practice/mcsdk_reference/AIR56B2_025KW_220V_DELTA_NAMEPLATE_VF_NOT_FOR_HV/MCSDK_v6.4.2-Full/MotorControl/MCSDK/MCLibACIM/Any/Src/acim_lso_foc.c:70:6:ACIM_LSO_CalcAngle	104	static
C:/mic_practice/mcsdk_reference/AIR56B2_025KW_220V_DELTA_NAMEPLATE_VF_NOT_FOR_HV/MCSDK_v6.4.2-Full/MotorControl/MCSDK/MCLibACIM/Any/Src/acim_lso_foc.c:201:9:ACIM_LSO_GetElAngle	0	static
C:/mic_practice/mcsdk_reference/AIR56B2_025KW_220V_DELTA_NAMEPLATE_VF_NOT_FOR_HV/MCSDK_v6.4.2-Full/MotorControl/MCSDK/MCLibACIM/Any/Src/acim_lso_foc.c:208:6:ACIM_LSO_Clear	16	static
C:/mic_practice/mcsdk_reference/AIR56B2_025KW_220V_DELTA_NAMEPLATE_VF_NOT_FOR_HV/MCSDK_v6.4.2-Full/MotorControl/MCSDK/MCLibACIM/Any/Src/acim_lso_foc.c:253:6:ACIM_LSO_CheckIntegrity	0	static
C:/mic_practice/mcsdk_reference/AIR56B2_025KW_220V_DELTA_NAMEPLATE_VF_NOT_FOR_HV/MCSDK_v6.4.2-Full/MotorControl/MCSDK/MCLibACIM/Any/Src/acim_lso_foc.c:277:6:ACIM_LSO_IsNotValidNumber	0	static
C:/mic_practice/mcsdk_reference/AIR56B2_025KW_220V_DELTA_NAMEPLATE_VF_NOT_FOR_HV/MCSDK_v6.4.2-Full/MotorControl/MCSDK/MCLibACIM/Any/Src/acim_lso_foc.c:299:6:ACIM_DBG_LSO_CalcAngle	8	static
C:/mic_practice/mcsdk_reference/AIR56B2_025KW_220V_DELTA_NAMEPLATE_VF_NOT_FOR_HV/MCSDK_v6.4.2-Full/MotorControl/MCSDK/MCLibACIM/Any/Src/acim_lso_foc.c:323:9:ACIM_DBG_LSO_GetdbgElAngle	0	static
C:/mic_practice/mcsdk_reference/AIR56B2_025KW_220V_DELTA_NAMEPLATE_VF_NOT_FOR_HV/MCSDK_v6.4.2-Full/MotorControl/MCSDK/MCLibACIM/Any/Src/acim_lso_foc.c:337:6:ACIM_DBG_LSO_CalcVoltage	24	static
