C:/mic_practice/mcsdk_reference/AIR56B2_025KW_220V_DELTA_NAMEPLATE_VF_NOT_FOR_HV/Src/mc_interface.c:62:13:MCI_Init	4	static
C:/mic_practice/mcsdk_reference/AIR56B2_025KW_220V_DELTA_NAMEPLATE_VF_NOT_FOR_HV/Src/mc_interface.c:108:13:MCI_ExecSpeedRamp	0	static
C:/mic_practice/mcsdk_reference/AIR56B2_025KW_220V_DELTA_NAMEPLATE_VF_NOT_FOR_HV/Src/mc_interface.c:138:13:MCI_ExecTorqueRamp	0	static
C:/mic_practice/mcsdk_reference/AIR56B2_025KW_220V_DELTA_NAMEPLATE_VF_NOT_FOR_HV/Src/mc_interface.c:161:13:MCI_SetCurrentReferences	8	static
C:/mic_practice/mcsdk_reference/AIR56B2_025KW_220V_DELTA_NAMEPLATE_VF_NOT_FOR_HV/Src/mc_interface.c:176:13:MCI_SetOpenLoopCurrentMode	8	static
C:/mic_practice/mcsdk_reference/AIR56B2_025KW_220V_DELTA_NAMEPLATE_VF_NOT_FOR_HV/Src/mc_interface.c:192:13:MCI_SetOpenLoopCurrent	8	static
C:/mic_practice/mcsdk_reference/AIR56B2_025KW_220V_DELTA_NAMEPLATE_VF_NOT_FOR_HV/Src/mc_interface.c:204:13:MCI_SetOpenLoopVoltageMode	16	static
C:/mic_practice/mcsdk_reference/AIR56B2_025KW_220V_DELTA_NAMEPLATE_VF_NOT_FOR_HV/Src/mc_interface.c:222:13:MCI_SetOpenLoopVoltage	8	static
C:/mic_practice/mcsdk_reference/AIR56B2_025KW_220V_DELTA_NAMEPLATE_VF_NOT_FOR_HV/Src/mc_interface.c:388:13:MCI_GetCalibratedOffsetsMotor	8	static
C:/mic_practice/mcsdk_reference/AIR56B2_025KW_220V_DELTA_NAMEPLATE_VF_NOT_FOR_HV/Src/mc_interface.c:519:13:MCI_FaultProcessing	0	static
C:/mic_practice/mcsdk_reference/AIR56B2_025KW_220V_DELTA_NAMEPLATE_VF_NOT_FOR_HV/Src/mc_interface.c:535:13:MCI_ExecBufferedCommands	8	static
C:/mic_practice/mcsdk_reference/AIR56B2_025KW_220V_DELTA_NAMEPLATE_VF_NOT_FOR_HV/Src/mc_interface.c:595:27:MCI_IsCommandAcknowledged	0	static
C:/mic_practice/mcsdk_reference/AIR56B2_025KW_220V_DELTA_NAMEPLATE_VF_NOT_FOR_HV/Src/mc_interface.c:627:20:MCI_GetSTMState	0	static
C:/mic_practice/mcsdk_reference/AIR56B2_025KW_220V_DELTA_NAMEPLATE_VF_NOT_FOR_HV/Src/mc_interface.c:643:17:MCI_GetOccurredFaults	0	static
C:/mic_practice/mcsdk_reference/AIR56B2_025KW_220V_DELTA_NAMEPLATE_VF_NOT_FOR_HV/Src/mc_interface.c:657:17:MCI_GetCurrentFaults	0	static
C:/mic_practice/mcsdk_reference/AIR56B2_025KW_220V_DELTA_NAMEPLATE_VF_NOT_FOR_HV/Src/mc_interface.c:259:13:MCI_StartMotor	8	static
C:/mic_practice/mcsdk_reference/AIR56B2_025KW_220V_DELTA_NAMEPLATE_VF_NOT_FOR_HV/Src/mc_interface.c:313:13:MCI_StartWithPolarizationMotor	8	static
C:/mic_practice/mcsdk_reference/AIR56B2_025KW_220V_DELTA_NAMEPLATE_VF_NOT_FOR_HV/Src/mc_interface.c:358:13:MCI_StartOffsetMeasurments	8	static
C:/mic_practice/mcsdk_reference/AIR56B2_025KW_220V_DELTA_NAMEPLATE_VF_NOT_FOR_HV/Src/mc_interface.c:419:13:MCI_SetCalibratedOffsetsMotor	16	static
C:/mic_practice/mcsdk_reference/AIR56B2_025KW_220V_DELTA_NAMEPLATE_VF_NOT_FOR_HV/Src/mc_interface.c:451:13:MCI_StopMotor	16	static
C:/mic_practice/mcsdk_reference/AIR56B2_025KW_220V_DELTA_NAMEPLATE_VF_NOT_FOR_HV/Src/mc_interface.c:492:13:MCI_FaultAcknowledged	8	static
C:/mic_practice/mcsdk_reference/AIR56B2_025KW_220V_DELTA_NAMEPLATE_VF_NOT_FOR_HV/Src/mc_interface.c:672:17:MCI_GetFaultState	0	static
C:/mic_practice/mcsdk_reference/AIR56B2_025KW_220V_DELTA_NAMEPLATE_VF_NOT_FOR_HV/Src/mc_interface.c:688:25:MCI_GetControlMode	0	static
C:/mic_practice/mcsdk_reference/AIR56B2_025KW_220V_DELTA_NAMEPLATE_VF_NOT_FOR_HV/Src/mc_interface.c:700:16:MCI_GetImposedMotorDirection	0	static
C:/mic_practice/mcsdk_reference/AIR56B2_025KW_220V_DELTA_NAMEPLATE_VF_NOT_FOR_HV/Src/mc_interface.c:737:16:MCI_GetLastRampFinalSpeed	0	static
C:/mic_practice/mcsdk_reference/AIR56B2_025KW_220V_DELTA_NAMEPLATE_VF_NOT_FOR_HV/Src/mc_interface.c:763:16:MCI_GetLastRampFinalTorque	0	static
C:/mic_practice/mcsdk_reference/AIR56B2_025KW_220V_DELTA_NAMEPLATE_VF_NOT_FOR_HV/Src/mc_interface.c:788:17:MCI_GetLastRampFinalDuration	0	static
C:/mic_practice/mcsdk_reference/AIR56B2_025KW_220V_DELTA_NAMEPLATE_VF_NOT_FOR_HV/Src/mc_interface.c:811:14:MCI_GetLastRampFinalSpeed_F	0	static
C:/mic_practice/mcsdk_reference/AIR56B2_025KW_220V_DELTA_NAMEPLATE_VF_NOT_FOR_HV/Src/mc_interface.c:831:13:MCI_RampCompleted	8	static
C:/mic_practice/mcsdk_reference/AIR56B2_025KW_220V_DELTA_NAMEPLATE_VF_NOT_FOR_HV/Src/mc_interface.c:851:13:MCI_StopSpeedRamp	8	static
C:/mic_practice/mcsdk_reference/AIR56B2_025KW_220V_DELTA_NAMEPLATE_VF_NOT_FOR_HV/Src/mc_interface.c:861:13:MCI_StopRamp	0	static
C:/mic_practice/mcsdk_reference/AIR56B2_025KW_220V_DELTA_NAMEPLATE_VF_NOT_FOR_HV/Src/mc_interface.c:874:13:MCI_GetSpdSensorReliability	0	static
C:/mic_practice/mcsdk_reference/AIR56B2_025KW_220V_DELTA_NAMEPLATE_VF_NOT_FOR_HV/Src/mc_interface.c:886:16:MCI_GetAvrgMecSpeedUnit	0	static
C:/mic_practice/mcsdk_reference/AIR56B2_025KW_220V_DELTA_NAMEPLATE_VF_NOT_FOR_HV/Src/mc_interface.c:896:16:MCI_GetAvrgMecSpeed_F	8	static
C:/mic_practice/mcsdk_reference/AIR56B2_025KW_220V_DELTA_NAMEPLATE_VF_NOT_FOR_HV/Src/mc_interface.c:921:16:MCI_GetMecSpeedRefUnit	0	static
C:/mic_practice/mcsdk_reference/AIR56B2_025KW_220V_DELTA_NAMEPLATE_VF_NOT_FOR_HV/Src/mc_interface.c:934:16:MCI_GetMecSpeedRef_F	8	static
C:/mic_practice/mcsdk_reference/AIR56B2_025KW_220V_DELTA_NAMEPLATE_VF_NOT_FOR_HV/Src/mc_interface.c:949:13:MCI_GetIab	8	static
C:/mic_practice/mcsdk_reference/AIR56B2_025KW_220V_DELTA_NAMEPLATE_VF_NOT_FOR_HV/Src/mc_interface.c:954:15:MCI_GetIab_F	16	static
C:/mic_practice/mcsdk_reference/AIR56B2_025KW_220V_DELTA_NAMEPLATE_VF_NOT_FOR_HV/Src/mc_interface.c:981:20:MCI_GetIalphabeta	8	static
C:/mic_practice/mcsdk_reference/AIR56B2_025KW_220V_DELTA_NAMEPLATE_VF_NOT_FOR_HV/Src/mc_interface.c:991:13:MCI_GetIqd	8	static
C:/mic_practice/mcsdk_reference/AIR56B2_025KW_220V_DELTA_NAMEPLATE_VF_NOT_FOR_HV/Src/mc_interface.c:1001:15:MCI_GetIqd_F	16	static
C:/mic_practice/mcsdk_reference/AIR56B2_025KW_220V_DELTA_NAMEPLATE_VF_NOT_FOR_HV/Src/mc_interface.c:1026:13:MCI_GetIqdref	8	static
C:/mic_practice/mcsdk_reference/AIR56B2_025KW_220V_DELTA_NAMEPLATE_VF_NOT_FOR_HV/Src/mc_interface.c:1036:15:MCI_GetIqdref_F	16	static
C:/mic_practice/mcsdk_reference/AIR56B2_025KW_220V_DELTA_NAMEPLATE_VF_NOT_FOR_HV/Src/mc_interface.c:1061:13:MCI_GetVqd	8	static
C:/mic_practice/mcsdk_reference/AIR56B2_025KW_220V_DELTA_NAMEPLATE_VF_NOT_FOR_HV/Src/mc_interface.c:1071:20:MCI_GetValphabeta	8	static
C:/mic_practice/mcsdk_reference/AIR56B2_025KW_220V_DELTA_NAMEPLATE_VF_NOT_FOR_HV/Src/mc_interface.c:1082:16:MCI_GetElAngledpp	0	static
C:/mic_practice/mcsdk_reference/AIR56B2_025KW_220V_DELTA_NAMEPLATE_VF_NOT_FOR_HV/Src/mc_interface.c:1093:16:MCI_GetTeref	0	static
C:/mic_practice/mcsdk_reference/AIR56B2_025KW_220V_DELTA_NAMEPLATE_VF_NOT_FOR_HV/Src/mc_interface.c:1103:16:MCI_GetTeref_F	0	static
C:/mic_practice/mcsdk_reference/AIR56B2_025KW_220V_DELTA_NAMEPLATE_VF_NOT_FOR_HV/Src/mc_interface.c:1119:16:MCI_GetPhaseCurrentAmplitude	0	static,ignoring_inline_asm
C:/mic_practice/mcsdk_reference/AIR56B2_025KW_220V_DELTA_NAMEPLATE_VF_NOT_FOR_HV/Src/mc_interface.c:1148:16:MCI_GetPhaseVoltageAmplitude	8	static
C:/mic_practice/mcsdk_reference/AIR56B2_025KW_220V_DELTA_NAMEPLATE_VF_NOT_FOR_HV/Src/mc_interface.c:1176:13:MCI_SetIdref	0	static
C:/mic_practice/mcsdk_reference/AIR56B2_025KW_220V_DELTA_NAMEPLATE_VF_NOT_FOR_HV/Src/mc_interface.c:1186:13:MCI_Clear_Iqdref	0	static
