C:/mic_practice/mcsdk_reference/AIR56B2_025KW_220V_DELTA_NAMEPLATE_VF_NOT_FOR_HV/Src/mc_math.c:94:20:MCM_Clarke	16	static
C:/mic_practice/mcsdk_reference/AIR56B2_025KW_220V_DELTA_NAMEPLATE_VF_NOT_FOR_HV/Src/mc_math.c:317:24:MCM_Trig_Functions	8	static
C:/mic_practice/mcsdk_reference/AIR56B2_025KW_220V_DELTA_NAMEPLATE_VF_NOT_FOR_HV/Src/mc_math.c:163:13:MCM_Park	32	static
C:/mic_practice/mcsdk_reference/AIR56B2_025KW_220V_DELTA_NAMEPLATE_VF_NOT_FOR_HV/Src/mc_math.c:267:20:MCM_Rev_Park	32	static
C:/mic_practice/mcsdk_reference/AIR56B2_025KW_220V_DELTA_NAMEPLATE_VF_NOT_FOR_HV/Src/mc_math.c:347:16:MCM_Sqrt	0	static,ignoring_inline_asm
C:/mic_practice/mcsdk_reference/AIR56B2_025KW_220V_DELTA_NAMEPLATE_VF_NOT_FOR_HV/Src/mc_math.c:379:16:MCM_PhaseComputation	0	static
C:/mic_practice/mcsdk_reference/AIR56B2_025KW_220V_DELTA_NAMEPLATE_VF_NOT_FOR_HV/Src/mc_math.c:398:17:MCM_floatToIntBit	8	static
C:/mic_practice/mcsdk_reference/AIR56B2_025KW_220V_DELTA_NAMEPLATE_VF_NOT_FOR_HV/Src/mc_math.c:420:18:MCM_floatTrig_Functions	24	static
C:/mic_practice/mcsdk_reference/AIR56B2_025KW_220V_DELTA_NAMEPLATE_VF_NOT_FOR_HV/Src/mc_math.c:562:23:MCM_Park_Generic	32	static
C:/mic_practice/mcsdk_reference/AIR56B2_025KW_220V_DELTA_NAMEPLATE_VF_NOT_FOR_HV/Src/mc_math.c:668:23:MCM_Rev_Park_Generic	32	static
