C:/mic_practice/mcsdk_reference/AIR56B2_025KW_220V_DELTA_NAMEPLATE_VF_NOT_FOR_HV/Src/mc_tasks.c:95:13:MCboot	24	static
C:/mic_practice/mcsdk_reference/AIR56B2_025KW_220V_DELTA_NAMEPLATE_VF_NOT_FOR_HV/Src/mc_tasks.c:458:13:TSK_SetStopPermanencyTimeM1	0	static
C:/mic_practice/mcsdk_reference/AIR56B2_025KW_220V_DELTA_NAMEPLATE_VF_NOT_FOR_HV/Src/mc_tasks.c:202:6:TSK_MF_StopProcessing	8	static
C:/mic_practice/mcsdk_reference/AIR56B2_025KW_220V_DELTA_NAMEPLATE_VF_NOT_FOR_HV/Src/mc_tasks.c:469:13:TSK_StopPermanencyTimeHasElapsedM1	0	static
C:/mic_practice/mcsdk_reference/AIR56B2_025KW_220V_DELTA_NAMEPLATE_VF_NOT_FOR_HV/Src/mc_tasks.c:286:13:TSK_MediumFrequencyTaskM1	16	static
C:/mic_practice/mcsdk_reference/AIR56B2_025KW_220V_DELTA_NAMEPLATE_VF_NOT_FOR_HV/Src/mc_tasks.c:215:13:MC_Scheduler	16	static
C:/mic_practice/mcsdk_reference/AIR56B2_025KW_220V_DELTA_NAMEPLATE_VF_NOT_FOR_HV/Src/mc_tasks.c:501:16:TSK_HighFrequencyTask	8	static
C:/mic_practice/mcsdk_reference/AIR56B2_025KW_220V_DELTA_NAMEPLATE_VF_NOT_FOR_HV/Src/mc_tasks.c:574:13:TSK_SafetyTask_PWMOFF	16	static
C:/mic_practice/mcsdk_reference/AIR56B2_025KW_220V_DELTA_NAMEPLATE_VF_NOT_FOR_HV/Src/mc_tasks.c:550:13:TSK_SafetyTask	8	static
C:/mic_practice/mcsdk_reference/AIR56B2_025KW_220V_DELTA_NAMEPLATE_VF_NOT_FOR_HV/Src/mc_tasks.c:182:13:MC_RunMotorControlTasks	8	static
C:/mic_practice/mcsdk_reference/AIR56B2_025KW_220V_DELTA_NAMEPLATE_VF_NOT_FOR_HV/Src/mc_tasks.c:645:13:TSK_SafetyTask_RBRK	24	static
C:/mic_practice/mcsdk_reference/AIR56B2_025KW_220V_DELTA_NAMEPLATE_VF_NOT_FOR_HV/Src/mc_tasks.c:723:23:GetMCI	0	static
C:/mic_practice/mcsdk_reference/AIR56B2_025KW_220V_DELTA_NAMEPLATE_VF_NOT_FOR_HV/Src/mc_tasks.c:743:13:TSK_HardwareFaultTask	8	static
C:/mic_practice/mcsdk_reference/AIR56B2_025KW_220V_DELTA_NAMEPLATE_VF_NOT_FOR_HV/Src/mc_tasks.c:757:13:UI_HandleStartStopButton_cb	8	static
C:/mic_practice/mcsdk_reference/AIR56B2_025KW_220V_DELTA_NAMEPLATE_VF_NOT_FOR_HV/Src/mc_tasks.c:775:13:mc_lock_pins	48	static
