C:/mic_practice/mcsdk_reference/AIR56B2_025KW_220V_DELTA_NAMEPLATE_VF_NOT_FOR_HV/Src/regular_conversion_manager.c:126:6:RCM_RegisterRegConv	8	static
C:/mic_practice/mcsdk_reference/AIR56B2_025KW_220V_DELTA_NAMEPLATE_VF_NOT_FOR_HV/Src/regular_conversion_manager.c:202:6:RCM_ExecNextConv	0	static
C:/mic_practice/mcsdk_reference/AIR56B2_025KW_220V_DELTA_NAMEPLATE_VF_NOT_FOR_HV/Src/regular_conversion_manager.c:239:6:RCM_ReadOngoingConv	8	static
C:/mic_practice/mcsdk_reference/AIR56B2_025KW_220V_DELTA_NAMEPLATE_VF_NOT_FOR_HV/Src/regular_conversion_manager.c:282:10:RCM_ExecRegularConv	0	static
C:/mic_practice/mcsdk_reference/AIR56B2_025KW_220V_DELTA_NAMEPLATE_VF_NOT_FOR_HV/Src/regular_conversion_manager.c:323:6:RCM_WaitForConv	0	static
