C:/mic_practice/mcsdk_reference/AIR56B2_025KW_220V_DELTA_NAMEPLATE_VF_NOT_FOR_HV/Src/stm32g4xx_mc_it.c:81:6:ADC1_2_IRQHandler	0	static
C:/mic_practice/mcsdk_reference/AIR56B2_025KW_220V_DELTA_NAMEPLATE_VF_NOT_FOR_HV/Src/stm32g4xx_mc_it.c:114:6:TIM1_UP_TIM16_IRQHandler	0	static
C:/mic_practice/mcsdk_reference/AIR56B2_025KW_220V_DELTA_NAMEPLATE_VF_NOT_FOR_HV/Src/stm32g4xx_mc_it.c:131:6:TIM1_BRK_TIM15_IRQHandler	8	static
C:/mic_practice/mcsdk_reference/AIR56B2_025KW_220V_DELTA_NAMEPLATE_VF_NOT_FOR_HV/Src/stm32g4xx_mc_it.c:159:6:USART2_IRQHandler	8	static,ignoring_inline_asm
C:/mic_practice/mcsdk_reference/AIR56B2_025KW_220V_DELTA_NAMEPLATE_VF_NOT_FOR_HV/Src/stm32g4xx_mc_it.c:238:6:HardFault_Handler	8	static
C:/mic_practice/mcsdk_reference/AIR56B2_025KW_220V_DELTA_NAMEPLATE_VF_NOT_FOR_HV/Src/stm32g4xx_mc_it.c:254:6:SysTick_Handler	8	static
C:/mic_practice/mcsdk_reference/AIR56B2_025KW_220V_DELTA_NAMEPLATE_VF_NOT_FOR_HV/Src/stm32g4xx_mc_it.c:293:6:EXTI15_10_IRQHandler	0	static
