C:/mic_practice/mcsdk_reference/AIR56B2_025KW_220V_DELTA_NAMEPLATE_VF_NOT_FOR_HV/Src/stm32g4xx_hal_msp.c:67:6:HAL_MspInit	16	static
C:/mic_practice/mcsdk_reference/AIR56B2_025KW_220V_DELTA_NAMEPLATE_VF_NOT_FOR_HV/Src/stm32g4xx_hal_msp.c:98:6:HAL_ADC_MspInit	120	static
C:/mic_practice/mcsdk_reference/AIR56B2_025KW_220V_DELTA_NAMEPLATE_VF_NOT_FOR_HV/Src/stm32g4xx_hal_msp.c:189:6:HAL_ADC_MspDeInit	8	static
C:/mic_practice/mcsdk_reference/AIR56B2_025KW_220V_DELTA_NAMEPLATE_VF_NOT_FOR_HV/Src/stm32g4xx_hal_msp.c:264:6:HAL_CORDIC_MspInit	8	static
C:/mic_practice/mcsdk_reference/AIR56B2_025KW_220V_DELTA_NAMEPLATE_VF_NOT_FOR_HV/Src/stm32g4xx_hal_msp.c:287:6:HAL_CORDIC_MspDeInit	0	static
C:/mic_practice/mcsdk_reference/AIR56B2_025KW_220V_DELTA_NAMEPLATE_VF_NOT_FOR_HV/Src/stm32g4xx_hal_msp.c:309:6:HAL_TIM_Base_MspInit	40	static
C:/mic_practice/mcsdk_reference/AIR56B2_025KW_220V_DELTA_NAMEPLATE_VF_NOT_FOR_HV/Src/stm32g4xx_hal_msp.c:339:6:HAL_TIM_MspPostInit	48	static
C:/mic_practice/mcsdk_reference/AIR56B2_025KW_220V_DELTA_NAMEPLATE_VF_NOT_FOR_HV/Src/stm32g4xx_hal_msp.c:384:6:HAL_TIM_Base_MspDeInit	8	static
C:/mic_practice/mcsdk_reference/AIR56B2_025KW_220V_DELTA_NAMEPLATE_VF_NOT_FOR_HV/Src/stm32g4xx_hal_msp.c:424:6:HAL_UART_MspInit	112	static
C:/mic_practice/mcsdk_reference/AIR56B2_025KW_220V_DELTA_NAMEPLATE_VF_NOT_FOR_HV/Src/stm32g4xx_hal_msp.c:507:6:HAL_UART_MspDeInit	8	static
